Neighbor info at step 0: radial(max=100,actual=28), angular(max=59,actual=28).
Neighbor info at step 0: radial(max=100,actual=28), angular(max=59,actual=28).
